creating...

displaying fileHeader ...
magic: 398689
degree: 2
numItem: 0
pageSize: 43
overFlowSize: 1024
cacheSize: 1000000
height: 0
nNode: 0
headerPos: 80
insert key=3
numItem: 1

 -> tail
 -> 00000003 -> tail
Down
insert key=15
numItem: 2

 -> tail
 -> 00000003 -> 00000015 -> tail
Down
insert key=15
numItem: 2

 -> tail
 -> 00000003 -> 00000015 -> tail
Down
insert key=6
numItem: 3

 -> tail
 -> 00000006 -> tail
 -> 00000003 -> 00000006 -> 00000015 -> tail
Down
insert key=1
numItem: 4

 -> tail
 -> 00000001 -> 00000006 -> tail
 -> 00000001 -> 00000003 -> 00000006 -> 00000015 -> tail
Down
insert key=10
numItem: 5

 -> tail
 -> 00000001 -> 00000006 -> tail
 -> 00000001 -> 00000003 -> 00000006 -> 00000010 -> 00000015 -> tail
Down
insert key=3
numItem: 5

 -> tail
 -> 00000001 -> 00000006 -> tail
 -> 00000001 -> 00000003 -> 00000006 -> 00000010 -> 00000015 -> tail
Down
insert key=6
numItem: 5

 -> tail
 -> 00000001 -> 00000006 -> tail
 -> 00000001 -> 00000003 -> 00000006 -> 00000010 -> 00000015 -> tail
Down
insert key=0
numItem: 6

 -> tail
 -> 00000000 -> tail
 -> 00000000 -> 00000001 -> 00000006 -> tail
 -> 00000000 -> 00000001 -> 00000003 -> 00000006 -> 00000010 -> 00000015 -> tail
Down
insert key=8
numItem: 7

 -> tail
 -> 00000000 -> tail
 -> 00000000 -> 00000001 -> 00000006 -> tail
 -> 00000000 -> 00000001 -> 00000003 -> 00000006 -> 00000008 -> 00000010 -> 00000015 -> tail
Down
insert key=9
numItem: 8

 -> tail
 -> 00000009 -> tail
 -> 00000000 -> 00000009 -> tail
 -> 00000000 -> 00000001 -> 00000006 -> 00000009 -> tail
 -> 00000000 -> 00000001 -> 00000003 -> 00000006 -> 00000008 -> 00000009 -> 00000010 -> 00000015 -> tail
Down
insert key=7
numItem: 9

 -> tail
 -> 00000009 -> tail
 -> 00000000 -> 00000009 -> tail
 -> 00000000 -> 00000001 -> 00000006 -> 00000009 -> tail
 -> 00000000 -> 00000001 -> 00000003 -> 00000006 -> 00000007 -> 00000008 -> 00000009 -> 00000010 -> 00000015 -> tail
Down
insert key=9
numItem: 9

 -> tail
 -> 00000009 -> tail
 -> 00000000 -> 00000009 -> tail
 -> 00000000 -> 00000001 -> 00000006 -> 00000009 -> tail
 -> 00000000 -> 00000001 -> 00000003 -> 00000006 -> 00000007 -> 00000008 -> 00000009 -> 00000010 -> 00000015 -> tail
Down
insert key=2
numItem: 10

 -> tail
 -> 00000009 -> tail
 -> 00000000 -> 00000002 -> 00000009 -> tail
 -> 00000000 -> 00000001 -> 00000002 -> 00000006 -> 00000009 -> tail
 -> 00000000 -> 00000001 -> 00000002 -> 00000003 -> 00000006 -> 00000007 -> 00000008 -> 00000009 -> 00000010 -> 00000015 -> tail
Down
insert key=7
numItem: 10

 -> tail
 -> 00000009 -> tail
 -> 00000000 -> 00000002 -> 00000009 -> tail
 -> 00000000 -> 00000001 -> 00000002 -> 00000006 -> 00000009 -> tail
 -> 00000000 -> 00000001 -> 00000002 -> 00000003 -> 00000006 -> 00000007 -> 00000008 -> 00000009 -> 00000010 -> 00000015 -> tail
Down
insert key=13
numItem: 11

 -> tail
 -> 00000009 -> tail
 -> 00000000 -> 00000002 -> 00000009 -> tail
 -> 00000000 -> 00000001 -> 00000002 -> 00000006 -> 00000009 -> 00000013 -> tail
 -> 00000000 -> 00000001 -> 00000002 -> 00000003 -> 00000006 -> 00000007 -> 00000008 -> 00000009 -> 00000010 -> 00000013 -> 00000015 -> tail
Down
insert key=2
numItem: 11

 -> tail
 -> 00000009 -> tail
 -> 00000000 -> 00000002 -> 00000009 -> tail
 -> 00000000 -> 00000001 -> 00000002 -> 00000006 -> 00000009 -> 00000013 -> tail
 -> 00000000 -> 00000001 -> 00000002 -> 00000003 -> 00000006 -> 00000007 -> 00000008 -> 00000009 -> 00000010 -> 00000013 -> 00000015 -> tail
Down
insert key=9
numItem: 11

 -> tail
 -> 00000009 -> tail
 -> 00000000 -> 00000002 -> 00000009 -> tail
 -> 00000000 -> 00000001 -> 00000002 -> 00000006 -> 00000009 -> 00000013 -> tail
 -> 00000000 -> 00000001 -> 00000002 -> 00000003 -> 00000006 -> 00000007 -> 00000008 -> 00000009 -> 00000010 -> 00000013 -> 00000015 -> tail
Down
insert key=13
numItem: 11

 -> tail
 -> 00000009 -> tail
 -> 00000000 -> 00000002 -> 00000009 -> tail
 -> 00000000 -> 00000001 -> 00000002 -> 00000006 -> 00000009 -> 00000013 -> tail
 -> 00000000 -> 00000001 -> 00000002 -> 00000003 -> 00000006 -> 00000007 -> 00000008 -> 00000009 -> 00000010 -> 00000013 -> 00000015 -> tail
Down
insert key=1
numItem: 11

 -> tail
 -> 00000009 -> tail
 -> 00000000 -> 00000002 -> 00000009 -> tail
 -> 00000000 -> 00000001 -> 00000002 -> 00000006 -> 00000009 -> 00000013 -> tail
 -> 00000000 -> 00000001 -> 00000002 -> 00000003 -> 00000006 -> 00000007 -> 00000008 -> 00000009 -> 00000010 -> 00000013 -> 00000015 -> tail
Down
mumItem: 11

It takes 0.000000 seconds before commit()
 -> tail
 -> 00000009 -> tail
 -> 00000000 -> 00000002 -> 00000009 -> tail
 -> 00000000 -> 00000001 -> 00000002 -> 00000006 -> 00000009 -> 00000013 -> tail
 -> 00000000 -> 00000001 -> 00000002 -> 00000003 -> 00000006 -> 00000007 -> 00000008 -> 00000009 -> 00000010 -> 00000013 -> 00000015 -> tail
Down

It takes 0.000000 seconds to insert 20  data!
finding 19
finding 4
finding 17
finding 18
finding 4
finding 15
00000015 found
finding 10
00000010 found
finding 13
00000013 found
finding 6
00000006 found
finding 11
finding 0
00000000 found
finding 16
finding 13
00000013 found
finding 2
00000002 found
finding 10
00000010 found
finding 16
finding 1
00000001 found
finding 5
finding 5
finding 4
 -> tail
 -> 00000009 -> tail
 -> 00000000 -> 00000002 -> 00000009 -> tail
 -> 00000000 -> 00000001 -> 00000002 -> 00000006 -> 00000009 -> 00000013 -> tail
 -> 00000000 -> 00000001 -> 00000002 -> 00000003 -> 00000006 -> 00000007 -> 00000008 -> 00000009 -> 00000010 -> 00000013 -> 00000015 -> tail
Down

It takes 0.000000 seconds to find 20 random data! 9 data found, 11 data lost!
