creating...

magic: 398689
maxDataSize: 64
blockSize: 8180
pageSize: 33
overflowSize: 64
numItem: 0
nBlock: 0
input =howers
trace = 0
howers
7
0
input =continued
trace = 0
continued
10
0
input =throughout
trace = 0
throughout
11
0
input =the
trace = 0
the
4
0
sa.num= 1
shift 26
input =week
trace = 0
week
5
0
input =in
trace = 0
in
3
0
input =the
trace = 0
the
4
0
sa.num= 2
the found
input =bahia
trace = 0
bahia
6
0
input =cocoa
trace = 0
cocoa
6
0
input =alleviating
trace = 0
alleviating
12
0
input =the
trace = 0
the
4
0
sa.num= 2
the found
input =drought
trace = 0
drought
8
0
sa.num= 1
shift 27
input =since
trace = 0
since
6
0
input =early
trace = 0
early
6
0
input =wps
trace = 0
wps
4
0
input =the
trace = 0
the
4
0
sa.num= 2
the found
input =chris
trace = 0
chris
6
0
input =cliff
trace = 0
cliff
6
0
input =hello
trace = 0
hello
6
0
input =allevi
trace = 0
allevi
7
0
input =cocoabc
trace = 0
cocoabc
8
0
Before commit, elapsed: 0.000000 seconds
write fpos=66016
write num=1
write nextfpos = 0
write fpos=82376
write num=1
write nextfpos = 0
write fpos=25116
write num=1
write nextfpos = 0
write fpos=74196
write num=1
write nextfpos = 0
write fpos=90556
write num=1
write nextfpos = 0
write fpos=115096
write num=1
write nextfpos = 0
write fpos=98736
write num=1
write nextfpos = 0
write fpos=8756
write num=2
write nextfpos = 0
write fpos=33296
write num=1
write nextfpos = 0
write fpos=57836
write num=1
write nextfpos = 0
write fpos=41476
write num=1
write nextfpos = 0
write fpos=123276
write num=1
write nextfpos = 0
write fpos=16936
write num=2
write nextfpos = 0
write fpos=106916
write num=1
write nextfpos = 0
write fpos=49656
write num=1
write nextfpos = 0
write fpos=576
write num=1
write nextfpos = 0
insert elapsed: 0.000000 seconds

numItem: 18
hit ratio: 18/21
open exist...

magic: 398689
maxDataSize: 64
blockSize: 8180
pageSize: 33
overflowSize: 64
numItem: 18
nBlock: 16
bucket addr: 66016
read from 66016
read num=0
write blocksize=8180
read next fpos=6
bucket addr: 82376
read from 82376
read num=0
write blocksize=8180
read next fpos=6
bucket addr: 25116
read from 25116
read num=0
write blocksize=8180
read next fpos=3
bucket addr: 74196
read from 74196
read num=1
write blocksize=8180
read next fpos=0
bucket addr: 90556
read from 90556
read num=1
write blocksize=8180
read next fpos=6
bucket addr: 115096
read from 115096
read num=0
write blocksize=8180
read next fpos=8
bucket addr: 98736
read from 98736
read num=1
write blocksize=8180
read next fpos=6
bucket addr: 8756
read from 8756
read num=0
write blocksize=8180
read next fpos=11
bucket addr: 33296
read from 33296
read num=1
write blocksize=8180
read next fpos=6
bucket addr: 57836
read from 57836
read num=0
write blocksize=8180
read next fpos=0
bucket addr: 41476
read from 41476
read num=1
write blocksize=8180
read next fpos=6
bucket addr: 123276
read from 123276
read num=1
write blocksize=8180
read next fpos=0
bucket addr: 16936
read from 16936
read num=2
write blocksize=8180
read next fpos=0
bucket addr: 106916
read from 106916
read num=1
write blocksize=8180
read next fpos=0
bucket addr: 49656
read from 49656
read num=1
write blocksize=8180
read next fpos=0
bucket addr: 576
read from 576
read num=1
write blocksize=8180
read next fpos=0
input =howers
trace = 0
howers
7
0
sa.num= 1
howers found
input =continued
trace = 0
continued
10
0
sa.num= 0
shift 0
input =throughout
trace = 0
throughout
11
0
sa.num= 2
throughout found
input =the
trace = 0
the
4
0
sa.num= 1
shift 26
input =week
trace = 0
week
5
0
sa.num= 0
shift 0
input =in
trace = 0
in
3
0
sa.num= 1
in found
input =the
trace = 0
the
4
0
sa.num= 2
the found
input =bahia
trace = 0
bahia
6
0
sa.num= 1
bahia found
input =cocoa
trace = 0
cocoa
6
0
sa.num= 1
cocoa found
input =alleviating
trace = 0
alleviating
12
0
sa.num= 0
shift 0
input =the
trace = 0
the
4
0
sa.num= 2
the found
input =drought
trace = 0
drought
8
0
sa.num= 2
drought found
input =since
trace = 0
since
6
0
sa.num= 0
shift 0
input =early
trace = 0
early
6
0
sa.num= 1
early found
input =wps
trace = 0
wps
4
0
sa.num= 0
shift 0
input =the
trace = 0
the
4
0
sa.num= 2
the found
input =chris
trace = 0
chris
6
0
sa.num= 1
chris found
input =cliff
trace = 0
cliff
6
0
sa.num= 1
cliff found
input =hello
trace = 0
hello
6
0
sa.num= 1
hello found
input =allevi
trace = 0
allevi
7
0
sa.num= 0
shift 0
input =cocoabc
trace = 0
cocoabc
8
0
sa.num= 1
cocoabc found
Before commit, elapsed: 0.000000 seconds
insert elapsed: 0.000000 seconds

numItem: 25
hit ratio: 7/21
